%s:6 PhanTypeMismatchArgumentInternal Argument 1 ($string) is \Countable|array but \strlen() takes string
%s:9 PhanRedundantCondition Redundant attempt to cast $a of type array to countable
%s:10 PhanTypeMismatchArgumentInternal Argument 1 ($string) is array but \strlen() takes string
%s:13 PhanTypeMismatchArgumentInternal Argument 1 ($string) is \ArrayAccess|\ArrayObject|\Countable|\IteratorAggregate|\Serializable|\Traversable|iterable but \strlen() takes string
%s:14 PhanRedundantCondition Redundant attempt to cast $ao of type \ArrayObject to object
%s:18 PhanTypeMismatchArgumentInternal Argument 1 ($string) is null but \strlen() takes string
%s:20 PhanRedundantCondition Redundant attempt to cast $ao_nonnull of type \ArrayObject to countable
%s:21 PhanTypeMismatchArgumentInternal Argument 1 ($string) is \ArrayAccess|\ArrayObject|\Countable|\IteratorAggregate|\Serializable|\Traversable|iterable but \strlen() takes string
%s:23 PhanImpossibleCondition Impossible attempt to cast $s of type string to countable
%s:24 PhanTypeMismatchArgumentInternal Argument 1 ($string) is \Countable|array but \strlen() takes string
%s:26 PhanTypeMismatchArgumentInternal Argument 1 ($var) is string but \count() takes \Countable|\ResourceBundle|\SimpleXMLElement|array
%s:38 PhanTypeMismatchArgumentInternal Argument 1 ($numerator) is \ArrayAccess|\ArrayObject|\Countable|\IteratorAggregate|\Serializable|\Traversable|array{0:2}|iterable but \intdiv() takes int
%s:41 PhanTypeMismatchArgumentInternal Argument 1 ($var) is int but \count() takes \Countable|\ResourceBundle|\SimpleXMLElement|array
