%s:9 PhanRedundantCondition Redundant attempt to cast $node of type \Node312 to truthy
%s:16 PhanRedundantCondition Redundant attempt to cast $node of type \Node312 to truthy
%s:16 PhanTypeMismatchArgumentInternal Argument 1 ($string) is 0|\Node312 but \strlen() takes string
