%s:6 PhanUndeclaredVariable Variable $prev is undeclared
%s:9 PhanRedundantCondition Redundant attempt to cast $first of type true to truthy
%s:10 PhanUndeclaredVariable Variable $prev is undeclared
%s:22 PhanUnextractableAnnotation Saw unextractable annotation for comment '@phan-example-annotation array<int,string> description :'
%s:22 PhanUnextractableAnnotation Saw unextractable annotation for comment '@phan-param a value'
%s:31 PhanRedundantCondition Redundant attempt to cast $first of type true to truthy
