%s:9 PhanTypeMismatchArgumentInternal Argument 1 ($string) is array{otherKey:mixed,key:string} but \strlen() takes string
%s:11 PhanTypeMismatchArgumentInternal Argument 1 ($string) is array{key:string} but \strlen() takes string
%s:15 PhanDebugAnnotation @phan-debug-var requested for variable $str - it has union type non-empty-array<mixed,mixed>|object|string(real=non-empty-array<mixed,mixed>|object|string)
%s:18 PhanTypeMismatchArgumentInternalProbablyReal Argument 1 ($string) is non-empty-array<mixed,mixed>|object but \strlen() takes string
%s:21 PhanTypeMismatchArgument Argument 1 ($data) is array{} but Closure($data, $str) takes array{key:string} defined at %s:7
%s:24 PhanParamTooFewCallable Call with 0 arg(s) to Closure($data, $str) (as a provided callable) which requires 2 arg(s) defined at %s:28
%s:30 PhanTypeMismatchArgumentInternal Argument 1 ($string) is array{key:mixed,0:?string,1:int} but \strlen() takes string
%s:32 PhanTypeMismatchArgumentInternal Argument 1 ($string) is array{0:?string,1:int} but \strlen() takes string
%s:43 PhanTypeMismatchArgumentInternal Argument 1 ($string) is array{0:string,1:int} but \strlen() takes string
%s:45 PhanTypeMismatchArgumentInternal Argument 1 ($string) is array{0?:null,1:int} but \strlen() takes string
