%s:7 PhanTypeMismatchArgumentInternal Argument 1 (obj) is ?\stdClass but \spl_object_hash() takes object
%s:11 PhanTypeMismatchArgumentInternal Argument 1 (obj) is ?\stdClass but \spl_object_hash() takes object
%s:16 PhanTypeMismatchArgumentInternal Argument 1 (obj) is ?\stdClass but \spl_object_hash() takes object
%s:20 PhanTypeMismatchArgumentInternal Argument 1 (obj) is ?\stdClass but \spl_object_hash() takes object
%s:30 PhanTypeMismatchArgumentInternal Argument 1 (string) is array but \strlen() takes string
