%s:4 PhanTypeInstantiateAbstract Instantiation of abstract class \NS679\T
%s:14 PhanUndeclaredMethod Call to undeclared method \NS679\C::missing
%s:17 PhanUndeclaredMethod Call to undeclared method \NS679\C::missing
