%s:42 PhanTypeArraySuspicious Suspicious array access to static
%s:45 PhanTypeArraySuspicious Suspicious array access to static
%s:48 PhanTypeArrayUnsetSuspicious Suspicious attempt to unset an offset of a value of type \Y681
