%s:14 PhanTypeMismatchArgument Argument 1 (arg) is 'invalid' but \Invokable685::__invoke() takes int defined at %s:4
%s:16 PhanTypeMismatchArgument Argument 1 (arg) is 'invalid' but \Invokable685::__invoke() takes int defined at %s:4
%s:20 PhanParamTooFewCallable Call with 0 arg(s) to \Invokable685::dynamic() (as a provided callable) which requires 1 arg(s) defined at %s:8
%s:21 PhanUndeclaredMethodInCallable Call to undeclared method missing in callable. Possible object type(s) for that method are static
%s:22 PhanParamTooFewCallable Call with 0 arg(s) to \Invokable685::dynamic() (as a provided callable) which requires 1 arg(s) defined at %s:8
%s:23 PhanUndeclaredMethodInCallable Call to undeclared method missing in callable. Possible object type(s) for that method are \Invokable685
%s:24 PhanParamTooFewCallable Call with 0 arg(s) to \Invokable685::dynamic() (as a provided callable) which requires 1 arg(s) defined at %s:8
%s:30 PhanParamTooFew Call with 0 arg(s) to \Invokable685::dynamic() which requires 1 arg(s) defined at %s:8
