src/001_array_key_exists.php:2 PhanImpossibleCondition Impossible attempt to cast true of type true to int
src/001_array_key_exists.php:5 PhanImpossibleCondition Impossible attempt to cast true of type true to array
src/001_array_key_exists.php:8 PhanImpossibleCondition Impossible attempt to cast [] of type array{} to object
src/001_array_key_exists.php:13 PhanImpossibleCondition Impossible attempt to cast array_key_exists('foo', []) of type ?bool to array
src/001_array_key_exists.php:17 PhanImpossibleCondition Impossible attempt to cast key($x) of type int|null|string to array
